mu.nu.nullpo.game.subsystem.mode.Marathon
mu.nu.nullpo.game.subsystem.mode.MarathonPlus
mu.nu.nullpo.game.subsystem.mode.MarathonExtreme
mu.nu.nullpo.game.subsystem.mode.SprintLine
mu.nu.nullpo.game.subsystem.mode.SprintScore
mu.nu.nullpo.game.subsystem.mode.SprintDig
mu.nu.nullpo.game.subsystem.mode.SprintCombo
mu.nu.nullpo.game.subsystem.mode.SprintUltra
mu.nu.nullpo.game.subsystem.mode.MarathonShuttle
mu.nu.nullpo.game.subsystem.mode.MarathonSquare
mu.nu.nullpo.game.subsystem.mode.MarathonDrill
mu.nu.nullpo.game.subsystem.mode.RetroN
mu.nu.nullpo.game.subsystem.mode.RetroA
mu.nu.nullpo.game.subsystem.mode.RetroS
mu.nu.nullpo.game.subsystem.mode.RetroModern
mu.nu.nullpo.game.subsystem.mode.GrandM1
mu.nu.nullpo.game.subsystem.mode.GrandM2
mu.nu.nullpo.game.subsystem.mode.GrandM3
mu.nu.nullpo.game.subsystem.mode.GrandBasic
mu.nu.nullpo.game.subsystem.mode.GrandS1
mu.nu.nullpo.game.subsystem.mode.GrandS2
mu.nu.nullpo.game.subsystem.mode.GrandM2G
mu.nu.nullpo.game.subsystem.mode.GrandSStealth
mu.nu.nullpo.game.subsystem.mode.GrandZ
mu.nu.nullpo.game.subsystem.mode.GrandRoads
mu.nu.nullpo.game.subsystem.mode.Practice
mu.nu.nullpo.game.subsystem.mode.GrandPuzzle
mu.nu.nullpo.game.subsystem.mode.GrandOrders
mu.nu.nullpo.game.subsystem.mode.VSBattle
mu.nu.nullpo.game.subsystem.mode.ToolMapEditor
mu.nu.nullpo.game.subsystem.mode.NetVSBattle
mu.nu.nullpo.game.subsystem.mode.another.Avalanche1P
mu.nu.nullpo.game.subsystem.mode.another.Avalanche1PFever
mu.nu.nullpo.game.subsystem.mode.another.AvalancheVS
mu.nu.nullpo.game.subsystem.mode.another.AvalancheVSFever
mu.nu.nullpo.game.subsystem.mode.another.AvalancheVSDig
mu.nu.nullpo.game.subsystem.mode.another.AvalancheVSBomb
mu.nu.nullpo.game.subsystem.mode.another.AvalancheVSSPF
mu.nu.nullpo.game.subsystem.mode.another.Physician
mu.nu.nullpo.game.subsystem.mode.another.PhysicianVS
mu.nu.nullpo.game.subsystem.mode.another.SPF
zeroxfc.nullpo.custom.modes.ColorPower
zeroxfc.nullpo.custom.modes.Deltatris
zeroxfc.nullpo.custom.modes.Joker
zeroxfc.nullpo.custom.modes.Minesweeper
zeroxfc.nullpo.custom.modes.MissionMode
zeroxfc.nullpo.custom.modes.RollTraining
zeroxfc.nullpo.custom.modes.ScoreTrial
wtf.oshisaure.nullpomodshit.modes.MarathonActual
wtf.oshisaure.nullpomodshit.modes.ScoreAtatckRun
wtf.oshisaure.nullpomodshit.modes.MarathonZone
wtf.oshisaure.nullpomodshit.modes.Sneaker
bin.sylveon.nullpomino.mods.SubscriberChallenge
