#Mode folder list

#:Popular
Marathon
GrandRoads
MarathonExtreme
SprintUltra
SprintLine
PracticeMode
MarathonDrill
SprintDig
GrandFestival
GrandBlossom
GrandMania
GrandMastery
GrandStorm
GrandLightning
VSBattleMode

:Guidelines Games
Marathon
SprintLine
SprintUltra
MarathonShuttle
GrandRoads
VSBattleMode
ToolVSMapEditMode
MarathonExtreme
PracticeMode

:Uniques Variety
MarathonPlus
MarathonDrill
RetroModern
SprintDig
PracticeMode
SquareMode
MarathonExtreme
ToolVSMapEditMode

:Retrospective style
RetroClassic
RetroMarathon
RetroMania
RetroModern

:Trial Rush
SprintLine
SprintScore
SprintDig
SprintCombo
SprintUltra

:Grand Challenges
GrandFestival
GrandMarathon
GrandRoads
GrandBlossom
GrandMountain
GrandMania
GrandMastery
GrandStorm
GrandLightning
GrandPhantom
GrandFinale


:TYPE AVALANCHE
Avalanche1P
Avalanche1PFever
AvalancheVS
AvalancheVSFever
AvalancheVSDig
AvalancheVSBOMB
AvalancheVSSPF

:TYPE PHYSICIAN
Physician
PhysicianVS

:TYPE SPF
SPF
