mu.nu.nullpo.game.subsystem.mode.Marathon
mu.nu.nullpo.game.subsystem.mode.MarathonPlus
mu.nu.nullpo.game.subsystem.mode.MarathonExtreme
mu.nu.nullpo.game.subsystem.mode.SprintLine
mu.nu.nullpo.game.subsystem.mode.SprintScore
mu.nu.nullpo.game.subsystem.mode.SprintDig
mu.nu.nullpo.game.subsystem.mode.SprintCombo
mu.nu.nullpo.game.subsystem.mode.SprintUltra
mu.nu.nullpo.game.subsystem.mode.MarathonShuttle
mu.nu.nullpo.game.subsystem.mode.SquareMode
mu.nu.nullpo.game.subsystem.mode.MarathonDrill
mu.nu.nullpo.game.subsystem.mode.RetroClassic
mu.nu.nullpo.game.subsystem.mode.RetroMarathon
mu.nu.nullpo.game.subsystem.mode.RetroMania
mu.nu.nullpo.game.subsystem.mode.RetroModern
mu.nu.nullpo.game.subsystem.mode.GrandMarathon
mu.nu.nullpo.game.subsystem.mode.GrandMania
mu.nu.nullpo.game.subsystem.mode.GrandMastery
mu.nu.nullpo.game.subsystem.mode.GrandFestival
mu.nu.nullpo.game.subsystem.mode.GrandStorm
mu.nu.nullpo.game.subsystem.mode.GrandLightning
mu.nu.nullpo.game.subsystem.mode.GrandMountain
mu.nu.nullpo.game.subsystem.mode.GrandPhantom
mu.nu.nullpo.game.subsystem.mode.GrandFinale
mu.nu.nullpo.game.subsystem.mode.GrandRoads
mu.nu.nullpo.game.subsystem.mode.PracticeMode
mu.nu.nullpo.game.subsystem.mode.GrandBlossom
mu.nu.nullpo.game.subsystem.mode.VSBattleMode
mu.nu.nullpo.game.subsystem.mode.ToolVSMapEditMode
mu.nu.nullpo.game.subsystem.mode.NetVSBattleMode
mu.nu.nullpo.game.subsystem.mode.another.Avalanche1P
mu.nu.nullpo.game.subsystem.mode.another.Avalanche1PFever
mu.nu.nullpo.game.subsystem.mode.another.AvalancheVS
mu.nu.nullpo.game.subsystem.mode.another.AvalancheVSFever
mu.nu.nullpo.game.subsystem.mode.another.AvalancheVSDig
mu.nu.nullpo.game.subsystem.mode.another.AvalancheVSBomb
mu.nu.nullpo.game.subsystem.mode.another.AvalancheVSSPF
mu.nu.nullpo.game.subsystem.mode.another.Physician
mu.nu.nullpo.game.subsystem.mode.another.PhysicianVS
mu.nu.nullpo.game.subsystem.mode.another.SPF
zeroxfc.nullpo.custom.modes.ColorPower
zeroxfc.nullpo.custom.modes.Deltatris
zeroxfc.nullpo.custom.modes.Joker
zeroxfc.nullpo.custom.modes.MarathonModeBase
zeroxfc.nullpo.custom.modes.Minesweeper
zeroxfc.nullpo.custom.modes.MissionMode
zeroxfc.nullpo.custom.modes.RollTraining
zeroxfc.nullpo.custom.modes.ScoreTrial
