#Recommended Rules List
config/rule/Global.rul
config/rule/Global-adv.rul
config/rule/DTET.rul
config/rule/DTET-bas.rul

:Marathon
config/rule/Standard/Standard.rul
config/rule/Standard/StandardFastB.rul
config/rule/Standard/StandardFriends.rul
config/rule/Standard/StandardJ.rul

:MarathonPlus
config/rule/Standard/StandardFriends.rul
config/rule/Standard/Standard.rul
config/rule/Standard/StandardFastB.rul
config/rule/Standard/StandardJ.rul

:MarathonExtreme
config/rule/Standard/Standard.rul
config/rule/Standard/StandardHard.rul
config/rule/Standard/StandardHard128.rul

:SprintLine
config/rule/Standard/StandardFastB.rul
config/rule/Standard/StandardPlus.rul
config/rule/Standard/StandardZero.rul

:SprintScore
config/rule/Standard/StandardFastB.rul
config/rule/Standard/StandardPlus.rul
config/rule/Standard/StandardZero.rul

:SprintDig
config/rule/Standard/StandardFastB.rul
config/rule/Standard/StandardPlus.rul
config/rule/Standard/StandardZero.rul

:SprintCombo
config/rule/Standard/StandardFastB.rul
config/rule/Standard/StandardPlus.rul
config/rule/Standard/StandardZero.rul

:SprintUltra
config/rule/Standard/StandardFastB.rul
config/rule/Standard/StandardPlus.rul
config/rule/Standard/StandardZero.rul

:TECHNICIAN
config/rule/Standard.rul
config/rule/StandardFastB.rul
config/rule/StandardFriends.rul
config/rule/StandardJ.rul

:SQUARE
config/rule/Square.rul
config/rule/Standard/Standard.rul

:DIG CHALLENGE
config/rule/Standard/StandardFastB.rul
config/rule/Standard/StandardPlus.rul
config/rule/Standard/StandardZero.rul

:RETRO MARATHON
config/rule/classic/NintendoR.rul

:RETRO MASTERY
config/rule/classic/NintendoR.rul

:RETRO MANIA
config/rule/classic/Classic0.rul
config/rule/classic/Classic068K.rul
config/rule/classic/ClassicS.rul

:GrandMarathon
config/rule/classic/Classic1.rul

:GrandMania
config/rule/classic/Classic2.rul

:GrandMastery
config/rule/classic/Classic3.rul
config/rule/StandardHard.rul

:GrandFestival
config/rule/classic/Classic2.rul

:GrandStorm
config/rule/classic/Classic2.rul

:GrandLightnig
config/rule/classic/Classic3.rul
config/rule/Standard/StandardHard.rul

:GrandMountain
config/rule/classic/Classic2.rul

:GrandPhantom
config/rule/classic/Classic2.rul
config/rule/classic/Classic3.rul
config/rule/Standard/StandardHard.rul

:GrandFinale
config/rule/Standard/StandardHard128.rul
config/rule/classic/Classic3.rul
config/rule/Standard/StandardHard.rul

:GrandRoads
config/rule/Standard/StandardHard128.rul
config/rule/classic/ClassicEasyA.rul
config/rule/classic/ClassicEasyB.rul

:PRACTICE
config/rule/Standard/Standard.rul
config/rule/Standard/StandardFastB.rul
config/rule/Standard/StandardHard.rul
config/rule/Standard/StandardHard128.rul
config/rule/classic/Classic2.rul
config/rule/classic/Classic3.rul
config/rule/classic/ClassicEasyA.rul
config/rule/classic/ClassicEasyB.rul

:GrandBlossom
config/rule/classic/Classic3.rul
config/rule/Standard/StandardHard.rul

:VS-BATTLE
config/rule/Standard/StandardFastB.rul
config/rule/Standard/StandardPlus.rul
config/rule/Standard/StandardZero.rul

:TOOL-VS MAP EDIT

:AVALANCHE 1P (RC2)
config/rule/Avalanche.rul
config/rule/AvalancheClassic.rul

:AVALANCHE 1P FEVER MARATHON (RC2)
config/rule/Avalanche.rul
config/rule/AvalancheClassic.rul

:AVALANCHE VS-BATTLE (RC1)
config/rule/Avalanche.rul
config/rule/AvalancheClassic.rul

:AVALANCHE VS FEVER MARATHON (RC1)
config/rule/Avalanche.rul
config/rule/AvalancheClassic.rul

:AVALANCHE VS DIG RACE (RC1)
config/rule/Avalanche.rul
config/rule/AvalancheClassic.rul

:AVALANCHE VS BOMB BATTLE (RC1)
config/rule/Avalanche.rul
config/rule/AvalancheClassic.rul

:AVALANCHE-SPF VS-BATTLE (BETA)
config/rule/Avalanche.rul
config/rule/AvalancheClassic.rul

:PHYSICIAN (RC1)
config/rule/Physician.rul

:PHYSICIAN VS-BATTLE (RC1)
config/rule/Physician.rul

:SPF VS-BATTLE (BETA)
config/rule/SPF.rul
