:Original Staff
NullNoname
(pbomqlu910963 #bzEQ7554bc)
Zircean
Poochy.EXE
Wojtek (aka dodd)
Spirale
(olivier.vidal1 on the SVN)
kitaru2004
Shrapnel.City(aka Pineapple)
vic7070 (aka Digital)
alight
nightmareci
johnwchadwick (aka nmn)
prelude234 (aka awake)
sesalamander
teh_4matsy@lavabit.com
delvalle.jacobo(aka clincher)
bob.inside (aka xlro)

:Tools
Eclipse JDT
(www.eclipse.org)
IntelliJ IDEA CE
(jetbrains.com)
PictBear SE
(www20.pos.to/~sleipnir)
GNU ImageManipulationProgram
(www.gimp.org)

:Libraries
LightWeight JavaGameLibrary
www.lwjgl.org
Slick2D Game Library
slick.ninjacave.com

JOrbis
Pure Java OggVorbis Decoder
www.jcraft.com/jorbis/

Apache log4j 1.2.15
logging.apache.org/log4j/

:Old version BG
www.yunphoto.net/

:Also Thanks To
Lee
Burbruee
Steve
Blink
xlro
(nullpo.nu.mu/)
vicar
(vicar.bob.buttobi.net/)
SWR
hebo-MAI
gif
virulent

Tetrisconcept
www.tetrisconcept.net
NullpoMino on Tetris.wiki
tetris.wiki/NullpoMino

Hard Drop
(harddrop.com)
NullpoMino Topic:
harddrop.com/forums/
index.php?showtopic=2035
NullpoMino Guide:
harddrop.com/forums/
index.php?showtopic=2317
NullpoMino on HD wiki:
harddrop.com/wiki/
index.php?title=NullpoMino

Puyo Nexus
www.puyonexus.net/

And All Grand Masters
And of-course,
All Tetromino Lovers
