:Original Staff
NullNoname
(pbomqlu910963 #bzEQ7554bc)
Zircean
Poochy.EXE
Wojtek (aka dodd)
Spirale
(olivier.vidal1 on the SVN)
kitaru2004
Shrapnel.City (aka Pineapple)
vic7070 (aka Digital)
alight
nightmareci
johnwchadwick (aka nmn)
prelude234 (aka awake)
sesalamander
teh_4matsy@lavabit.com (aka 4matsy)
delvalle.jacobo (aka clincher)
bob.inside (aka xlro)

:Special Thanks
:Tools
Eclipse JDT
(http://www.eclipse.org/)
IntelliJ IDEA
(http://jetbrains.com/)
PictBear SE
(http://www20.pos.to/~sleipnir/)
GNU Image Manipulation Program
(http://www.gimp.org/)

:Libraries
Lightweight Java Game Library
(http://www.lwjgl.org/)
Slick2D
Game Library wrapping LWJGL
(http://slick.ninjacave.com/)

JOrbis Pure Java Ogg Vorbis Decoder
(http://www.jcraft.com/jorbis/)

Apache log4j 1.2.15
(http://logging.apache.org/log4j/1.2/index.html)

:Old version BG
http://www.yunphoto.net/ 

:Also thanks to
Lee
Burbruee
Steve
Blink
xlro
(http://nullpo.nu.mu/)
vicar
(http://vicar.bob.buttobi.net/)
SWR
hebo-MAI
gif
virulent

tetrisconcept.net
(http://www.tetrisconcept.net/)

Hard Drop
(http://harddrop.com/)
NullpoMino Topic:
http://harddrop.com/forums/
index.php?showtopic=2035
NullpoMino Guide:
http://harddrop.com/forums/
index.php?showtopic=2317
NullpoMino on HD wiki:
http://harddrop.com/wiki/
index.php?title=NullpoMino

Puyo Nexus
http://www.puyonexus.net/

And All Grand Masters
And of-course,
All Tetromino Lovers
