mu.nu.nullpo.game.subsystem.wallkick.StandardWallkick
mu.nu.nullpo.game.subsystem.wallkick.StandardMild180Wallkick
mu.nu.nullpo.game.subsystem.wallkick.StandardSymmetricWallkick
mu.nu.nullpo.game.subsystem.wallkick.StandardSymmetricMild180Wallkick
mu.nu.nullpo.game.subsystem.wallkick.ClassicWallkick
mu.nu.nullpo.game.subsystem.wallkick.ClassicPlusWallkick
mu.nu.nullpo.game.subsystem.wallkick.DTETWallkick
mu.nu.nullpo.game.subsystem.wallkick.DTETPlusWallkick
mu.nu.nullpo.game.subsystem.wallkick.GBCWallkick
mu.nu.nullpo.game.subsystem.wallkick.WallOnlyWallkick
mu.nu.nullpo.game.subsystem.wallkick.AvalancheWallkick
mu.nu.nullpo.game.subsystem.wallkick.AvalancheClassicWallkick
mu.nu.nullpo.game.subsystem.wallkick.PhysicianWallkick
wtf.oshisaure.nullpomodshit.wallkicks.AtariWallkick
wtf.oshisaure.nullpomodshit.wallkicks.BlockdropWallkick
wtf.oshisaure.nullpomodshit.wallkicks.ClassicOAvalancheWallkick
wtf.oshisaure.nullpomodshit.wallkicks.ClassicOSpinWallkick
wtf.oshisaure.nullpomodshit.wallkicks.ClassicRecoveryOnFailWallkick
wtf.oshisaure.nullpomodshit.wallkicks.ClassicSecretGMWallkick
wtf.oshisaure.nullpomodshit.wallkicks.ClassicTransformWallkick
wtf.oshisaure.nullpomodshit.wallkicks.DestroyerWallkick
wtf.oshisaure.nullpomodshit.wallkicks.HoldFStandardWallkick
wtf.oshisaure.nullpomodshit.wallkicks.HWallkick
wtf.oshisaure.nullpomodshit.wallkicks.LineAutoplacementWallkick
wtf.oshisaure.nullpomodshit.wallkicks.MagicalChallengeWallkick
wtf.oshisaure.nullpomodshit.wallkicks.PressEWallkick
wtf.oshisaure.nullpomodshit.wallkicks.PressFToFillTheScreenWallkick
wtf.oshisaure.nullpomodshit.wallkicks.ShellMakerWallkick
wtf.oshisaure.nullpomodshit.wallkicks.StandardNew64Wallkick
wtf.oshisaure.nullpomodshit.wallkicks.TwistBiasWallkick
zeroxfc.nullpo.custom.wallkick.ClassicLenientWallkick
zeroxfc.nullpo.custom.wallkick.FallingDownWallkick
zeroxfc.nullpo.custom.wallkick.SomeRandomShittyRotationSystemWallkick
zeroxfc.nullpo.custom.wallkick.StandardMirroredWallkick
zeroxfc.nullpo.custom.wallkick.SuperDTETWallkick
zeroxfc.nullpo.custom.wallkick.SuperRandomWallkick
zeroxfc.nullpo.custom.wallkick.TetrisEXWallkick
zeroxfc.nullpo.custom.wallkick.TexmasterWorldWallkick
